<img src="cache/images/2212294583_lead_source_by_outcome_en_us_693535944.png" border="0" usemap="#cache/images/2212294583_lead_source_by_outcome_en_us_693535944.png">
<map name="cache/images/2212294583_lead_source_by_outcome_en_us_693535944.png">
	<area shape="rect" coords="116,40,280,60" href="index.php?module=Potentials&action=ListView&leadsource=--None--&sales_stage=Other&query=true&type=dbrd&owner= Administrator&viewname=10" alt=" Administrator - 1 opportunities where outcome is Other" title=" Administrator - 1 opportunities where outcome is Other">
	<area shape="rect" coords="116,70,181,90" href="index.php?module=Potentials&action=ListView&leadsource=Cold+Call&sales_stage=Other&query=true&type=dbrd&owner= Administrator&viewname=10" alt=" Administrator - 1 opportunities where outcome is Other" title=" Administrator - 1 opportunities where outcome is Other">
	<area shape="rect" coords="116,161,445,181" href="index.php?module=Potentials&action=ListView&leadsource=Employee&sales_stage=Other&query=true&type=dbrd&owner= Administrator&viewname=10" alt=" Administrator - 1 opportunities where outcome is Other" title=" Administrator - 1 opportunities where outcome is Other">
	<area shape="rect" coords="116,191,445,211" href="index.php?module=Potentials&action=ListView&leadsource=Partner&sales_stage=Other&query=true&type=dbrd&owner= Administrator&viewname=10" alt=" Administrator - 1 opportunities where outcome is Other" title=" Administrator - 1 opportunities where outcome is Other">
	<area shape="rect" coords="116,252,774,272" href="index.php?module=Potentials&action=ListView&leadsource=Direct+Mail&sales_stage=Other&query=true&type=dbrd&owner= Administrator&viewname=10" alt=" Administrator - 2 opportunities where outcome is Other" title=" Administrator - 2 opportunities where outcome is Other">
	<area shape="rect" coords="116,313,181,333" href="index.php?module=Potentials&action=ListView&leadsource=Trade+Show&sales_stage=Other&query=true&type=dbrd&owner= Administrator&viewname=10" alt=" Administrator - 1 opportunities where outcome is Other" title=" Administrator - 1 opportunities where outcome is Other">
	<area shape="rect" coords="116,343,445,363" href="index.php?module=Potentials&action=ListView&leadsource=Web+Site&sales_stage=Other&query=true&type=dbrd&owner= Administrator&viewname=10" alt=" Administrator - 1 opportunities where outcome is Other" title=" Administrator - 1 opportunities where outcome is Other">
	<area shape="rect" coords="116,374,346,393" href="index.php?module=Potentials&action=ListView&leadsource=Word+of+mouth&sales_stage=Other&query=true&type=dbrd&owner= Administrator&viewname=10" alt=" Administrator - 2 opportunities where outcome is Other" title=" Administrator - 2 opportunities where outcome is Other">
</map>