<img src="cache/images/2212294583_pipeline_by_lead_source_en_us_693535944.png" border="0" usemap="#cache/images/2212294583_pipeline_by_lead_source_en_us_693535944.png">
<map name="cache/images/2212294583_pipeline_by_lead_source_en_us_693535944.png">
	<area shape="polygon" coords="424,238,577,238,560,307" href="index.php?module=Potentials&action=ListView&leadsource=--None--&query=true&type=dbrd&viewname=10" alt="1 opportunities where lead source is None	" title="1 opportunities where lead source is None	">
	<area shape="polygon" coords="424,238,560,307,544,332" href="index.php?module=Potentials&action=ListView&leadsource=Cold+Call&query=true&type=dbrd&viewname=10" alt="1 opportunities where lead source is Cold Call	" title="1 opportunities where lead source is Cold Call	">
	<area shape="polygon" coords="424,238,544,332,481,380,419,391" href="index.php?module=Potentials&action=ListView&leadsource=Employee&query=true&type=dbrd&viewname=10" alt="1 opportunities where lead source is Employee	" title="1 opportunities where lead source is Employee	">
	<area shape="polygon" coords="424,238,419,391,343,368,296,321" href="index.php?module=Potentials&action=ListView&leadsource=Partner&query=true&type=dbrd&viewname=10" alt="1 opportunities where lead source is Partner	" title="1 opportunities where lead source is Partner	">
	<area shape="polygon" coords="424,238,296,321,271,246,288,169,341,110,387,90" href="index.php?module=Potentials&action=ListView&leadsource=Direct+Mail&query=true&type=dbrd&viewname=10" alt="2 opportunities where lead source is Direct Mail	" title="2 opportunities where lead source is Direct Mail	">
	<area shape="polygon" coords="424,238,387,90,416,85" href="index.php?module=Potentials&action=ListView&leadsource=Trade+Show&query=true&type=dbrd&viewname=10" alt="1 opportunities where lead source is Trade Show	" title="1 opportunities where lead source is Trade Show	">
	<area shape="polygon" coords="424,238,416,85,493,102,543,142" href="index.php?module=Potentials&action=ListView&leadsource=Web+Site&query=true&type=dbrd&viewname=10" alt="1 opportunities where lead source is Web Site	" title="1 opportunities where lead source is Web Site	">
	<area shape="polygon" coords="424,238,543,142,575,214,577,238" href="index.php?module=Potentials&action=ListView&leadsource=Word+of+mouth&query=true&type=dbrd&viewname=10" alt="2 opportunities where lead source is Word of mouth	" title="2 opportunities where lead source is Word of mouth	">
</map>